// Jest Snapshot v1, https://goo.gl/fbAQLP

exports[`should render Header correctly 1`] = `
<div>
  <h1>
    Expensify
  </h1>
  <p>
    <Unknown
      activeClassName="is-active"
      exact={true}
      to="/"
    >
      Dashboard
    </Unknown>
  </p>
  <p>
    <Unknown
      activeClassName="is-active"
      to="/create"
    >
      Create
    </Unknown>
  </p>
  <p>
    <Unknown
      activeClassName="is-active"
      to="/edit"
    >
      Edit
    </Unknown>
  </p>
  <p>
    <Unknown
      activeClassName="is-active"
      to="/help"
    >
      Help
    </Unknown>
  </p>
</div>
`;
